// Jest Snapshot v1, https://goo.gl/fbAQLP

exports[`Error Boundary rendering initial state should match the snapshot 1`] = `"When you buy a lottery ticket, you are investing in the dreams of the winner."`;
