// Jest Snapshot v1, https://goo.gl/fbAQLP

exports[`Uploader rendering initial state is rendered 1`] = `
<div>
  <div>
    Drag and Drop
  </div>
</div>
`;
