// Jest Snapshot v1, https://goo.gl/fbAQLP

exports[`FilmsContainer rendering initial state match the snapshot 1`] = `
<div>
  No Films Have Been Added Yet
</div>
`;
