// Jest Snapshot v1, https://goo.gl/fbAQLP

exports[`Privacy Page rendering match the snapshot 1`] = `ShallowWrapper {}`;
