// Jest Snapshot v1, https://goo.gl/fbAQLP

exports[`NoMatch rendering initial state is rendered 1`] = `
<div>
  No Page Found
</div>
`;
