// Jest Snapshot v1, https://goo.gl/fbAQLP

exports[`FilmList rendering initial state is rendered 1`] = `
<div>
  No Films Have Been Added Yet
</div>
`;
