// Jest Snapshot v1, https://goo.gl/fbAQLP

exports[`Hero Page rendering match the snapshot 1`] = `ShallowWrapper {}`;
