// Jest Snapshot v1, https://goo.gl/fbAQLP

exports[`Error Page rendering match the snapshot 1`] = `
ShallowWrapper {
  "length": 1,
}
`;
